#keymaps 0-2,3-5,8-9,12
keycode   1 = Escape           Escape
	altgr	keycode   1 = bar
	shift	altgr	keycode   1 = Break
	alt	keycode   1 = Escape
	alt	altgr	keycode   1 = bar
	alt	shift	altgr	keycode   1 = Break
keycode   2 = one
	alt	keycode   2 = one
keycode   3 = two
	alt	keycode   3 = two
keycode   4 = three
	alt	keycode   4 = three
keycode   5 = four
	alt	keycode   5 = four
keycode   6 = five
	alt	keycode   6 = five
keycode   7 = six
	alt	keycode   7 = six
keycode   8 = seven
	alt	keycode   8 = seven
keycode   9 = eight
	alt	keycode   9 = eight
keycode  10 = nine
	alt	keycode  10 = nine
keycode  11 = zero
	alt	keycode  11 = zero
keycode  12 =
keycode  13 =
keycode  14 = Delete
	control	keycode  14 = BackSpace
	altgr	keycode  14 = Remove
	alt	keycode  14 = Delete
	alt	control	keycode  14 = BackSpace
	alt	altgr	keycode  14 = Remove
keycode  15 = Tab              Tab
	altgr	keycode  15 = Insert
	alt	keycode  15 = Tab
	alt	altgr	keycode  15 = Insert
keycode  16 = +q
	shift	keycode  16 = +Q
	control	keycode  16 = Control_q
	shift	control	keycode  16 = Control_q
	altgr	keycode  16 = one
	alt	keycode  16 = U+0439
	alt	shift	keycode  16 = U+0419
	alt	control	keycode  16 = Control_q
	alt	shift	control	keycode  16 = Control_q
	alt	altgr	keycode  16 = one
keycode  17 = +w
	shift	keycode  17 = +W
	control	keycode  17 = Control_w
	shift	control	keycode  17 = Control_w
	altgr	keycode  17 = two
	alt	keycode  17 = U+0446
	alt	shift	keycode  17 = U+0426
	alt	control	keycode  17 = Control_w
	alt	shift	control	keycode  17 = Control_w
	alt	altgr	keycode  17 = two
keycode  18 = +e
	shift	keycode  18 = +E
	control	keycode  18 = Control_e
	shift	control	keycode  18 = Control_e
	altgr	keycode  18 = three
	alt	keycode  18 = U+0443
	alt	shift	keycode  18 = U+0423
	alt	control	keycode  18 = Control_e
	alt	shift	control	keycode  18 = Control_e
	alt	altgr	keycode  18 = three
keycode  19 = +r
	shift	keycode  19 = +R
	control	keycode  19 = Control_r
	shift	control	keycode  19 = Control_r
	altgr	keycode  19 = four
	alt	keycode  19 = U+043A
	alt	shift	keycode  19 = U+041A
	alt	control	keycode  19 = Control_r
	alt	shift	control	keycode  19 = Control_r
	alt	altgr	keycode  19 = four
keycode  20 = +t
	shift	keycode  20 = +T
	control	keycode  20 = Control_t
	shift	control	keycode  20 = Control_t
	altgr	keycode  20 = five
	alt	keycode  20 = U+0435
	alt	shift	keycode  20 = U+0415
	alt	control	keycode  20 = Control_t
	alt	shift	control	keycode  20 = Control_t
	alt	altgr	keycode  20 = five
keycode  21 = +y
	shift	keycode  21 = +Y
	control	keycode  21 = Control_y
	shift	control	keycode  21 = Control_y
	altgr	keycode  21 = six
	alt	keycode  21 = U+043D
	alt	shift	keycode  21 = U+041D
	alt	control	keycode  21 = Control_y
	alt	shift	control	keycode  21 = Control_y
	alt	altgr	keycode  21 = six
keycode  22 = +u
	shift	keycode  22 = +U
	control	keycode  22 = Control_u
	shift	control	keycode  22 = Control_u
	altgr	keycode  22 = seven
	alt	keycode  22 = U+0433
	alt	shift	keycode  22 = U+0413
	alt	control	keycode  22 = Control_u
	alt	shift	control	keycode  22 = Control_u
	alt	altgr	keycode  22 = seven
keycode  23 = +i
	shift	keycode  23 = +I
	control	keycode  23 = Tab
	shift	control	keycode  23 = Tab
	altgr	keycode  23 = eight
	alt	keycode  23 = U+0448
	alt	shift	keycode  23 = U+0428
	alt	control	keycode  23 = Tab
	alt	shift	control	keycode  23 = Tab
	alt	altgr	keycode  23 = eight
keycode  24 = +o
	shift	keycode  24 = +O
	control	keycode  24 = Control_o
	shift	control	keycode  24 = Control_o
	altgr	keycode  24 = nine
	alt	keycode  24 = U+0449
	alt	shift	keycode  24 = U+0429
	alt	control	keycode  24 = Control_o
	alt	shift	control	keycode  24 = Control_o
	alt	altgr	keycode  24 = nine
keycode  25 = +p
	shift	keycode  25 = +P
	control	keycode  25 = Control_p
	shift	control	keycode  25 = Control_p
	altgr	keycode  25 = zero
	alt	keycode  25 = U+0437
	alt	shift	keycode  25 = U+0417
	alt	control	keycode  25 = Control_p
	alt	shift	control	keycode  25 = Control_p
	alt	altgr	keycode  25 = zero
keycode  26 =
keycode  27 =
keycode  28 = Return
keycode  29 = Control
	altgr	keycode  29 = Alt_Lock
	alt	altgr	keycode  29 = Alt_Lock
keycode  30 = +a
	shift	keycode  30 = +A
	control	keycode  30 = Control_a
	shift	control	keycode  30 = Control_a
	altgr	keycode  30 = dollar
	alt	keycode  30 = U+0444
	alt	shift	keycode  30 = U+0424
	alt	control	keycode  30 = Control_a
	alt	shift	control	keycode  30 = Control_a
	alt	altgr	keycode  30 = dollar
keycode  31 = +s
	shift	keycode  31 = +S
	control	keycode  31 = Control_s
	shift	control	keycode  31 = Control_s
	altgr	keycode  31 = numbersign
	alt	keycode  31 = U+044B
	alt	shift	keycode  31 = U+042B
	alt	control	keycode  31 = Control_s
	alt	shift	control	keycode  31 = Control_s
	alt	altgr	keycode  31 = numbersign
keycode  32 = +d
	shift	keycode  32 = +D
	control	keycode  32 = Control_d
	shift	control	keycode  32 = Control_d
	altgr	keycode  32 = ampersand
	alt	keycode  32 = U+0432
	alt	shift	keycode  32 = U+0412
	alt	control	keycode  32 = Control_d
	alt	shift	control	keycode  32 = Control_d
	alt	altgr	keycode  32 = ampersand
keycode  33 = +f
	shift	keycode  33 = +F
	control	keycode  33 = Control_f
	shift	control	keycode  33 = Control_f
	altgr	keycode  33 = at
	alt	keycode  33 = U+0430
	alt	shift	keycode  33 = U+0410
	alt	control	keycode  33 = Control_f
	alt	shift	control	keycode  33 = Control_f
	alt	altgr	keycode  33 = at
keycode  34 = +g
	shift	keycode  34 = +G
	control	keycode  34 = Control_g
	shift	control	keycode  34 = Control_g
	altgr	keycode  34 = quotedbl
	alt	keycode  34 = U+043F
	alt	shift	keycode  34 = U+041F
	alt	control	keycode  34 = Control_g
	alt	shift	control	keycode  34 = Control_g
	alt	altgr	keycode  34 = quotedbl
keycode  35 = +h
	shift	keycode  35 = +H
	control	keycode  35 = BackSpace
	shift	control	keycode  35 = BackSpace
	altgr	keycode  35 = apostrophe
	alt	keycode  35 = U+0440
	alt	shift	keycode  35 = U+0420
	alt	control	keycode  35 = BackSpace
	alt	shift	control	keycode  35 = BackSpace
	alt	altgr	keycode  35 = apostrophe
keycode  36 = +j
	shift	keycode  36 = +J
	control	keycode  36 = Linefeed
	shift	control	keycode  36 = Linefeed
	altgr	keycode  36 = bracketleft
	alt	keycode  36 = U+043E
	alt	shift	keycode  36 = U+041E
	alt	control	keycode  36 = Linefeed
	alt	shift	control	keycode  36 = Linefeed
	alt	altgr	keycode  36 = bracketleft
keycode  37 = +k
	shift	keycode  37 = +K
	control	keycode  37 = Control_k
	shift	control	keycode  37 = Control_k
	altgr	keycode  37 = bracketright
	shift	altgr	keycode  37 = grave
	alt	keycode  37 = U+043B
	alt	shift	keycode  37 = U+041B
	alt	control	keycode  37 = Control_k
	alt	shift	control	keycode  37 = Control_k
	alt	altgr	keycode  37 = bracketright
	alt	shift	altgr	keycode  37 = grave
keycode  38 = +l
	shift	keycode  38 = +L
	control	keycode  38 = Control_l
	shift	control	keycode  38 = Control_l
	altgr	keycode  38 = minus
	shift	altgr	keycode  38 = bar
	alt	keycode  38 = U+0434
	alt	shift	keycode  38 = U+0414
	alt	control	keycode  38 = Control_l
	alt	shift	control	keycode  38 = Control_l
	alt	altgr	keycode  38 = minus
	alt	shift	altgr	keycode  38 = bar
keycode  39 = semicolon        asciitilde
	altgr	keycode  39 = colon
	shift	altgr	keycode  39 = asciicircum
	alt	keycode  39 = U+0436
	alt	shift	keycode  39 = U+0416
	alt	altgr	keycode  39 = U+044D
	alt	shift	altgr	keycode  39 = U+042D
keycode  40 =
keycode  41 =
keycode  42 = Shift
keycode  43 =
keycode  44 = +z
	shift	keycode  44 = +Z
	control	keycode  44 = Control_z
	shift	control	keycode  44 = Control_z
	altgr	keycode  44 = exclam
	alt	keycode  44 = U+044f
	alt	shift	keycode  44 = U+042f
	alt	control	keycode  44 = Control_z
	alt	shift	control	keycode  44 = Control_z
	alt	altgr	keycode  44 = exclam
keycode  45 = +x
	shift	keycode  45 = +X
	control	keycode  45 = Control_x
	shift	control	keycode  45 = Control_x
	altgr	keycode  45 = slash
	shift	altgr	keycode  45 = backslash
	alt	keycode  45 = U+0447
	alt	shift	keycode  45 = U+0427
	alt	control	keycode  45 = Control_x
	alt	shift	control	keycode  45 = Control_x
	alt	altgr	keycode  45 = slash
	alt	shift	altgr	keycode  45 = backslash
keycode  46 = +c
	shift	keycode  46 = +C
	control	keycode  46 = Control_c
	shift	control	keycode  46 = Control_c
	altgr	keycode  46 = plus
	shift	alt	keycode  46 = Meta_C
	control	alt	keycode  46 = Meta_Control_c
	alt	keycode  46 = U+0441
	alt	shift	keycode  46 = U+0421
	alt	control	keycode  46 = Control_c
	alt	shift	control	keycode  46 = Control_c
	alt	altgr	keycode  46 = plus
	alt	shift	alt	keycode  46 = Meta_C
	alt	control	alt	keycode  46 = Meta_Control_c
keycode  47 = +v
	shift	keycode  47 = +V
	control	keycode  47 = Control_v
	shift	control	keycode  47 = Control_v
	altgr	keycode  47 = asterisk
	alt	keycode  47 = U+043c
	alt	shift	keycode  47 = U+041c
	alt	control	keycode  47 = Control_v
	alt	shift	control	keycode  47 = Control_v
	alt	altgr	keycode  47 = asterisk
keycode  48 = +b
	shift	keycode  48 = +B
	control	keycode  48 = Control_b
	shift	control	keycode  48 = Control_b
	altgr	keycode  48 = equal
	alt	keycode  48 = U+0438
	alt	shift	keycode  48 = U+0418
	alt	control	keycode  48 = Control_b
	alt	shift	control	keycode  48 = Control_b
	alt	altgr	keycode  48 = equal
keycode  49 = +n
	shift	keycode  49 = +N
	control	keycode  49 = Control_n
	shift	control	keycode  49 = Control_n
	altgr	keycode  49 = underscore
	alt	keycode  49 = U+0442
	alt	shift	keycode  49 = U+0422
	alt	control	keycode  49 = Control_n
	alt	shift	control	keycode  49 = Control_n
	alt	altgr	keycode  49 = underscore
keycode  50 = +m
	shift	keycode  50 = +M
	control	keycode  50 = Control_m
	shift	control	keycode  50 = Control_m
	altgr	keycode  50 = question
	shift	altgr	keycode  50 = percent
	alt	keycode  50 = U+044c
	alt	shift	keycode  50 = U+042c
	alt	control	keycode  50 = Control_m
	alt	shift	control	keycode  50 = Control_m
	alt	altgr	keycode  50 = question
	alt	shift	altgr	keycode  50 = percent
keycode  51 = comma            parenleft
	altgr	keycode  51 = less
	shift	altgr	keycode  51 = braceleft
	alt	keycode  51 = U+0431
	alt	shift	keycode  51 = U+0411
	alt	altgr	keycode  51 = less
	alt	shift	altgr	keycode  51 = braceleft
keycode  52 = period           parenright
	altgr	keycode  52 = greater
	shift	altgr	keycode  52 = braceright
	alt	keycode  52 = U+044e
	alt	shift	keycode  52 = U+042e
	alt	altgr	keycode  52 = greater
	alt	shift	altgr	keycode  52 = braceright
keycode  53 =
keycode  54 =
keycode  55 =
keycode  56 = AltGr
keycode  57 = space
	alt	keycode  57 = space
keycode  58 =
keycode  59 =
keycode  60 =
keycode  61 =
keycode  62 =
keycode  63 =
keycode  64 =
keycode  65 =
keycode  66 =
keycode  67 =
keycode  68 =
keycode  69 =
keycode  70 =
keycode  71 =
keycode  72 =
keycode  73 =
keycode  74 = Next 
	altgr keycode  74 = bracketright
	alt	keycode  74 = U+044A
	alt	shift	keycode  74 = U+042A
keycode  75 =
keycode  76 =
keycode  77 =
keycode  78 = Prior 
	altgr keycode  78 = bracketleft
	alt	keycode  78 = U+0445
	alt	shift	keycode  78 = U+0425
keycode  79 =
keycode  80 =
keycode  81 =
keycode  82 =
keycode  83 =
keycode  84 =
keycode  85 =
keycode  86 =
keycode  87 =
keycode  88 =
keycode  89 =
keycode  90 =
keycode  91 =
keycode  92 =
keycode  93 =
keycode  94 =
keycode  95 =
keycode  96 =
keycode  97 =
keycode  98 =
keycode  99 =
keycode 100 =
keycode 101 =
keycode 102 = Console_2
keycode 103 = Up
keycode 104 = Home
	altgr keycode 104 = Prior
keycode 105 = Left
	altgr keycode 105 = Decr_Console
keycode 106 = Right
	altgr keycode 106 = Incr_Console 
keycode 107 = Return    VoidSymbol
	alt keycode 107 = Scroll_Lock
keycode 108 = Down
keycode 109 = End
	altgr keycode 109 = Next
keycode 110 =
keycode 111 =
keycode 112 =
keycode 113 =
keycode 114 =
keycode 115 =
keycode 116 = KeyboardSignal
keycode 117 =
keycode 118 =
keycode 119 =
keycode 120 =
keycode 121 =
keycode 122 =
keycode 123 =
keycode 124 =
keycode 125 =
keycode 126 =
keycode 127 =
keycode 128 =
keycode 129 =
keycode 130 =
keycode 131 =
keycode 132 =
keycode 133 =
keycode 134 =
keycode 135 =
keycode 136 =
keycode 137 =
keycode 138 =
keycode 139 =
keycode 140 =
keycode 141 =
keycode 142 =
keycode 143 =
keycode 144 =
keycode 145 =
keycode 146 =
keycode 147 =
keycode 148 =
keycode 149 =
keycode 150 =
keycode 151 =
keycode 152 =
keycode 153 =
keycode 154 =
keycode 155 =
keycode 156 =
keycode 157 =
keycode 158 =
keycode 159 =
keycode 160 =
keycode 161 =
keycode 162 =
keycode 163 =
keycode 164 =
keycode 165 =
keycode 166 = Incr_Console
keycode 167 =
keycode 168 =
keycode 169 =
keycode 170 =
keycode 171 =
keycode 172 =
keycode 173 =
keycode 174 =
keycode 175 =
keycode 176 =
keycode 177 =
keycode 178 =
keycode 179 =
keycode 180 =
keycode 181 =
keycode 182 =
keycode 183 =
keycode 184 =
keycode 185 =
keycode 186 =
keycode 187 =
keycode 188 =
keycode 189 =
keycode 190 =
keycode 191 =
keycode 192 =
keycode 193 =
keycode 194 =
keycode 195 =
keycode 196 =
keycode 197 =
keycode 198 =
keycode 199 =
keycode 200 = Decr_Console
keycode 201 =
keycode 202 =
keycode 203 =
keycode 204 =
keycode 205 =
keycode 206 =
keycode 207 =
keycode 208 =
keycode 209 =
keycode 210 =
keycode 211 =
keycode 212 =
keycode 213 =
keycode 214 =
keycode 215 =
keycode 216 =
keycode 217 =
keycode 218 =
keycode 219 =
keycode 220 =
keycode 221 =
keycode 222 =
keycode 223 =
keycode 224 =
keycode 225 =
keycode 226 =
keycode 227 =
keycode 228 =
keycode 229 =
keycode 230 =
keycode 231 =
keycode 232 =
keycode 233 =
keycode 234 =
keycode 235 =
keycode 236 =
keycode 237 =
keycode 238 =
keycode 239 =
keycode 240 =
keycode 241 =
keycode 242 =
keycode 243 =
keycode 244 =
keycode 245 =
keycode 246 =
keycode 247 =
keycode 248 =
keycode 249 =
keycode 250 =
keycode 251 =
keycode 252 =
keycode 253 =
keycode 254 =
keycode 255 =
